[klub-ada.si/index.html]
[klub-ada.si/_next/static/media/3f898e72193d6e10-s.p.woff2]
[klub-ada.si/_next/static/css/fe96bb515dc0e17c.css]
[klub-ada.si/_next/static/chunks/webpack-0426ab729e1a96b0.js]
[klub-ada.si/_next/static/chunks/4bd1b696-062c2cbc74715301.js]
[klub-ada.si/_next/static/chunks/1517-732cb3d8ff31f7c9.js]
[klub-ada.si/_next/static/chunks/main-app-2e5788c1099c469f.js]
[klub-ada.si/_next/static/chunks/app/layout-5bc8a5a2b477dd22.js]
[klub-ada.si/_next/static/chunks/7970-46b4e043c733c515.js]
[klub-ada.si/_next/static/chunks/6566-6ad38edc8cf9e9f8.js]
[klub-ada.si/_next/static/chunks/2101-2be000aaacb04b38.js]
[klub-ada.si/_next/static/chunks/7586-7bfbcad22a36a40a.js]
[klub-ada.si/_next/static/chunks/860-7e10a3d7729afce6.js]
[klub-ada.si/_next/static/chunks/app/(website)/page-f01804ecfc79c032.js]
[klub-ada.si/_next/static/chunks/app/(website)/layout-4fc5b6f948b04a94.js]
[backblue.gif]
[fade.gif]
[index.html]
[klub-ada.si/favicon.ico]
[klub-ada.si/_next/static/chunks/polyfills-42372ed130431b0a.js]
[klub-ada.si/assets/klub-ada-logo.svg]
[klub-ada.si/o-nas.html]
[klub-ada.si/blog.html]
[klub-ada.si/partnerstvo.html]
[klub-ada.si/dogodki.html]
[klub-ada.si/_next/hero1f15.jpeg]
[klub-ada.si/assets/logo-impact-hub-lj.svg]
[klub-ada.si/assets/logo-celtra.svg]
[klub-ada.si/assets/logo-dewesoft.svg]
[klub-ada.si/assets/logo-teads.svg]
[klub-ada.si/assets/logo-fri.svg]
[klub-ada.si/_next/loader6499.gif]
[klub-ada.si/_next/tamara-stumpergerbc9e.jpeg]
[klub-ada.si/_next/marusa-kerpand622.jpeg]
[klub-ada.si/_next/jana-vovk477a.jpeg]
[klub-ada.si/_next/nika-likar1113.jpeg]
[klub-ada.si/_next/tamara-demir3a51.jpeg]
[klub-ada.si/_next/discord-imagee4f1.jpeg]
[klub-ada.si/index.html]
[klub-ada.si/assets/discord-icon.svg]
[klub-ada.si/_next/static/media/3f1e61821e00eafa-s.woff2]
[klub-ada.si/_next/static/media/e15d8f8806c7d465-s.woff2]
[klub-ada.si/_next/static/css/fe96bb515dc0e17c.css]
[klub-ada.si/assets/klub-ada-logo.svg]
[klub-ada.si/_next/static/chunks/1714-02f54b435690074d.js]
[klub-ada.si/_next/static/chunks/app/(website)/o-nas/page-59274d4217a723f6.js]
[klub-ada.si/assets/computer-illustration.svg]
[klub-ada.si/_next/teamf3b6.jpeg]
[klub-ada.si/_next/mission9687.jpeg]
[klub-ada.si/_next/beginning-story6e24.jpeg]
[klub-ada.si/_next/ada-lovelace539c.jpeg]
[klub-ada.si/assets/flower.svg]
[klub-ada.si/o-nas.html]
[klub-ada.si/_next/static/chunks/app/(website)/blog/page-42b5db76f1292405.js]
[klub-ada.si/blog.html]
[klub-ada.si/assets/blog-illustration.svg]
[klub-ada.si/assets/partners-illustration.svg]
[klub-ada.si/_next/static/chunks/app/(website)/partnerstvo/page-155d9d2caef16c69.js]
[klub-ada.si/_next/partners-imagea988.jpeg]
[klub-ada.si/partnerstvo.html]
[klub-ada.si/assets/heart.svg]
[klub-ada.si/_next/static/chunks/app/(website)/dogodki/page-f2e41f0e1c5de89f.js]
[klub-ada.si/assets/calendar-illustration.svg]
[klub-ada.si/_next/dogodek-10d8a.jpeg]
[klub-ada.si/_next/dogodek-2f9d8.jpeg]
[klub-ada.si/_next/dogodek-355a8.jpeg]
[klub-ada.si/_next/dogodek-4445e.jpeg]
[klub-ada.si/dogodki.html]
[klub-ada.si/_data_image/svg+xml;charset=utf-8,_svg xmlns='http_/www.w3.org/2000/svg' viewBox='0 0 320 240'__filter id='b' color/__feColorMatrix values='1 0 0 0 0 0 1 0 0 0 0 0/__feFlood x='0' y='0/filter__image width='10]
[klub-ada.si/assets/logo-impact-hub-lj.svg]
[klub-ada.si/assets/logo-celtra.svg]
[klub-ada.si/assets/logo-teads.svg]
[klub-ada.si/assets/logo-dewesoft.svg]
[klub-ada.si/assets/logo-fri.svg]
[klub-ada.si/assets/discord-icon.svg]
[klub-ada.si/assets/computer-illustration.svg]
[klub-ada.si/_data_image/svg+xml;charset=utf-8,_svg xmlns='http_/www.w3.org/2000/svg' viewBox='0 0 240 320'__filter id='b' color/__feColorMatrix values='1 0 0 0 0 0 1 0 0 0 0 0/__feFlood x='0' y='0/filter__image width='10]
[klub-ada.si/_data_image/svg+xml;charset=utf-8,_svg xmlns='http_/www.w3.org/2000/svg' viewBox='0 0 320 320'__filter id='b' color/__feColorMatrix values='1 0 0 0 0 0 1 0 0 0 0 0/__feFlood x='0' y='0/filter__image width='10]
[klub-ada.si/_data_image/svg+xml;charset=utf-8,_svg xmlns='http_/www.w3.org/2000/svg' viewBox='0 0 240 320'__filter id='b' color/__feColorMatrix values='1 0 0 0 0 0 1 0 0 0 0 0/__feFlood x='0' y='0/filter__image width='10-2]
[klub-ada.si/assets/flower.svg]
[klub-ada.si/assets/blog-illustration.svg]
[klub-ada.si/assets/partners-illustration.svg]
[klub-ada.si/assets/bullet.svg]
[klub-ada.si/assets/heart.svg]
[klub-ada.si/assets/calendar-illustration.svg]
[klub-ada.si/_data_image/svg+xml;charset=utf-8,_svg xmlns='http_/www.w3.org/2000/svg' viewBox='0 0 320 160'__filter id='b' color/__feColorMatrix values='1 0 0 0 0 0 1 0 0 0 0 0/__feFlood x='0' y='0/filter__image width='10]
[klub-ada.si/_data_image/svg+xml;charset=utf-8,_svg xmlns='http_/www.w3.org/2000/svg' viewBox='0 0 320 240'__filter id='b' color/__feColorMatrix values='1 0 0 0 0 0 1 0 0 0 0 0/__feFlood x='0' y='0/filter__image width='10-2]
[klub-ada.si/_data_image/svg+xml;charset=utf-8,_svg xmlns='http_/www.w3.org/2000/svg' viewBox='0 0 320 320'__filter id='b' color/__feColorMatrix values='1 0 0 0 0 0 1 0 0 0 0 0/__feFlood x='0' y='0/filter__image width='10-2]
[klub-ada.si/_data_image/svg+xml;charset=utf-8,_svg xmlns='http_/www.w3.org/2000/svg' viewBox='0 0 320 160'__filter id='b' color/__feColorMatrix values='1 0 0 0 0 0 1 0 0 0 0 0/__feFlood x='0' y='0/filter__image width='10-2]
[klub-ada.si/_data_image/svg+xml;charset=utf-8,_svg xmlns='http_/www.w3.org/2000/svg' viewBox='0 0 320 240'__filter id='b' color/__feColorMatrix values='1 0 0 0 0 0 1 0 0 0 0 0/__feFlood x='0' y='0/filter__image width='10-2]
[klub-ada.si/_data_image/svg+xml;charset=utf-8,_svg xmlns='http_/www.w3.org/2000/svg' viewBox='0 0 240 320'__filter id='b' color/__feColorMatrix values='1 0 0 0 0 0 1 0 0 0 0 0/__feFlood x='0' y='0/filter__image width='10-2]
[klub-ada.si/_data_image/svg+xml;charset=utf-8,_svg xmlns='http_/www.w3.org/2000/svg' viewBox='0 0 320 320'__filter id='b' color/__feColorMatrix values='1 0 0 0 0 0 1 0 0 0 0 0/__feFlood x='0' y='0/filter__image width='10-2]
[klub-ada.si/_data_image/svg+xml;charset=utf-8,_svg xmlns='http_/www.w3.org/2000/svg' viewBox='0 0 320 160'__filter id='b' color/__feColorMatrix values='1 0 0 0 0 0 1 0 0 0 0 0/__feFlood x='0' y='0/filter__image width='10-2]
